2026-08-28 18:07:45  === Start-EnterpriseSolution invoked ===
2026-08-28 18:07:45  LIMS already on :8000.
2026-08-28 18:07:46  PMS already on :5217.
2026-08-28 18:07:48  Payroll script exit 0.
2026-08-28 18:07:48  LIMS up.
2026-08-28 18:07:48  PMS up.
2026-08-28 18:07:48  Done: http://localhost:5217
2026-08-28 18:08:12  === Start-EnterpriseSolution invoked ===
2026-08-28 18:08:13  LIMS already on :8000.
2026-08-28 18:08:13  PMS already on :5217.
2026-08-28 18:08:16  Payroll script exit 0.
2026-08-28 18:08:17  LIMS up.
2026-08-28 18:08:17  PMS up.
2026-08-28 18:08:17  Done: http://localhost:5217
2026-08-28 18:09:01  === Start-EnterpriseSolution invoked ===
2026-08-28 18:09:02  LIMS already on :8000.
2026-08-28 18:09:03  PMS launched.
2026-08-28 18:09:06  Payroll script exit 0.
2026-08-28 18:09:06  LIMS up.
2026-08-28 18:09:53  PMS up.
2026-08-28 18:09:53  Done: http://localhost:5217
2026-08-28 18:33:52  === Start-EnterpriseSolution invoked ===
2026-08-28 18:33:53  LIMS already on :8000.
2026-08-28 18:33:53  PMS launched.
2026-08-28 18:33:57  Payroll script exit 0.
2026-08-28 18:33:58  LIMS up.
2026-08-28 18:34:35  PMS up.
2026-08-28 18:34:35  Done: http://localhost:5217
2026-08-28 18:45:50  === Start-EnterpriseSolution invoked ===
2026-08-28 18:45:51  LIMS already on :8000.
2026-08-28 18:45:52  PMS launched.
2026-08-28 18:46:01  Payroll script exit 0.
2026-08-28 18:46:01  LIMS up.
2026-08-28 18:46:30  PMS up.
2026-08-28 18:46:30  Done: http://localhost:5217
2026-08-28 18:47:52  === Start-EnterpriseSolution invoked ===
2026-08-28 18:47:54  LIMS already on :8000.
2026-08-28 18:47:55  PMS launched.
2026-08-28 18:48:00  Payroll script exit 0.
2026-08-28 18:48:01  LIMS up.
2026-08-28 18:49:01  PMS up.
2026-08-28 18:49:01  Done: http://localhost:5217
